// Jest Snapshot v1, https://goo.gl/fbAQLP

exports[`ApplicationsContainer shows error when orders have an error 1`] = `
<div
  className="alert alert-danger"
  role="alert"
>
  <button
    aria-label="Close"
    className="close"
    onClick={[Function]}
    type="button"
  >
    <span
      aria-hidden={true}
    >
      Ã—
    </span>
  </button>
  Invalid state! This message should never appear.
</div>
`;
